Véletlenszerû események kikapcsolva.
Kérdezés kikapcsolva.
Pálya betöltve.
Új játék elkezdve 2 játékossal.
Ez a(z) 1. kör.
A Piros Robot következik.
Olajfoltok:   3
Ragacsfoltok: 3
Olajfolt be.
Ragacs ki.
Olajfolt lehelyezve.
Új pozíció: 2.0, 3.0
Ez a(z) 1. kör.
A Sárga Robot következik.
Új pozíció: 3.0, 1.0
Ez a(z) 2. kör.
A Piros Robot következik.
Olajfoltok:   2
Ragacsfoltok: 3
