Véletlenszerû események kikapcsolva.
Kérdezés kikapcsolva.
Pálya betöltve.
Új játék elkezdve 5 játékossal.
Ez a(z) 1. kör.
A Piros Robot következik.
Új pozíció: 2.0, 4.0
Ez a(z) 1. kör.
A Sárga Robot következik.
Inputvector: 0.0, 1.0
Új pozíció: 3.0, 2.0
Ez a(z) 1. kör.
A Zöld Robot következik.
Inputvector: 1.0, 0.0
Új pozíció: 6.0, 8.0
Ez a(z) 1. kör.
A Kék Robot következik.
Inputvector: -1.0, 0.0
Új pozíció: 6.0, 8.0
Ez a robot a következõkkel ütközött:
    Zöld
Ez a(z) 1. kör.
A Lila Robot következik.
Játékosrobotok listája:
	Piros: 2.0, 4.0
	Sárga: 3.0, 2.0
	Lila: 2.0, 9.0
Új pozíció: 2.0, 9.0
Ez a(z) 2. kör.
A Piros Robot következik.
Inputvector: 1.0, 0.0
Új pozíció: 3.0, 4.0
Ez a(z) 2. kör.
A Sárga Robot következik.
Inputvector: 0.0, 1.0
Új pozíció: 3.0, 4.0
Ez a robot a következõkkel ütközött:
    Piros
Ez a(z) 2. kör.
A Lila Robot következik.
Új pozíció: 2.0, 9.0
Ez a(z) 3. kör.
A Sárga Robot következik.
Játékosrobotok listája:
	Sárga: 3.0, 4.0
	Lila: 2.0, 9.0
Új pozíció: 3.5, 5.0
Ez a(z) 3. kör.
A Lila Robot következik.
