Véletlenszerű események kikapcsolva.
Kérdezés kikapcsolva.
Pálya betöltve.
Új játék elkezdve 3 játékossal.
Ez a(z) 1. kör.
A Piros Robot következik.
Játékosrobotok listája:
	Piros: 2.0, 1.0
	Sárga: 3.0, 3.0
	Zöld: 5.0, 4.0
