Véletlenszerű események kikapcsolva.
Kérdezés kikapcsolva.
Pálya betöltve.
Új játék elkezdve 2 játékossal.
Ez a(z) 1. kör.
A Piros Robot következik.
Olajfolt be.
Ragacs ki.
Olajfolt lehelyezve.
Új pozíció: 2.0, 3.0
Ez a(z) 1. kör.
A Sárga Robot következik.
Új pozíció: 3.0, 1.0
Ez a(z) 2. kör.
A Piros Robot következik.
Foltok listája:
	Olaj: 2.0, 3.0
Új pozíció: 2.0, 3.0
Ez a(z) 2. kör.
A Sárga Robot következik.
Új pozíció: 3.0, 1.0
Ez a(z) 3. kör.
A Piros Robot következik.
Foltok listája:
	Olaj: 2.0, 3.0
Új pozíció: 2.0, 3.0
Ez a(z) 3. kör.
A Sárga Robot következik.
Új pozíció: 3.0, 1.0
Ez a(z) 4. kör.
A Piros Robot következik.
Foltok listája:
	Olaj: 2.0, 3.0
Új pozíció: 2.0, 3.0
Ez a(z) 4. kör.
A Sárga Robot következik.
Új pozíció: 3.0, 1.0
Ez a(z) 5. kör.
A Piros Robot következik.
Foltok listája:
	Olaj: 2.0, 3.0
Új pozíció: 2.0, 3.0
Ez a(z) 5. kör.
A Sárga Robot következik.
Új pozíció: 3.0, 1.0
Ez a(z) 6. kör.
A Piros Robot következik.
Foltok listája:
	Olaj: 2.0, 3.0
Új pozíció: 2.0, 3.0
Ez a(z) 6. kör.
A Sárga Robot következik.
Új pozíció: 3.0, 1.0
Ez a(z) 7. kör.
A Piros Robot következik.
Foltok listája:
