Véletlenszerű események kikapcsolva.
Kérdezés kikapcsolva.
Pálya betöltve.
Új játék elkezdve 2 játékossal.
Ez a(z) 1. kör.
A Piros Robot következik.
Olajfolt be.
Ragacs ki.
Inputvector: 0.0, 1.0
Olajfolt lehelyezve.
Új pozíció: 2.0, 2.0
Ez a(z) 1. kör.
A Sárga Robot következik.
Inputvector: -1.0, 0.0
Új pozíció: 2.0, 1.0
Ez a(z) 2. kör.
A Piros Robot következik.
Új pozíció: 2.0, 3.0
Ez a(z) 2. kör.
A Sárga Robot következik.
Ebben a körben nem lehet sebességvektort megadni a robotnak.
Új pozíció: 1.0, 1.0
A robot leesett.
A Piros Robot nyert!
