Véletlenszerû események kikapcsolva.
Kérdezés kikapcsolva.
Pálya betöltve.
Új játék elkezdve 2 játékossal.
Ez a(z) 1. kör.
A Piros Robot következik.
Ragacs be.
Olajfolt ki.
Inputvector: 0.0, 1.0
Ragacsfolt lehelyezve.
Új pozíció: 2.0, 2.0
Ez a(z) 1. kör.
A Sárga Robot következik.
Inputvector: -1.0, 0.0
Új pozíció: 2.0, 1.0
Ez a(z) 2. kör.
A Piros Robot következik.
Új pozíció: 2.0, 3.0
Ez a(z) 2. kör.
A Sárga Robot következik.
Új pozíció: 1.5, 1.0
