Véletlenszerű események kikapcsolva.
Kérdezés kikapcsolva.
Pálya betöltve.
Új játék elkezdve 2 játékossal.
Ez a(z) 1. kör.
A Piros Robot következik.
Inputvector: 1.0, 0.0
Új pozíció: 9.0, 3.0
A robot leesett.
A Sárga Robot nyert!
