Véletlenszerű események kikapcsolva.
Kérdezés kikapcsolva.
Pálya betöltve.
Új játék elkezdve 2 játékossal.
Ez a(z) 1. kör.
A Piros Robot következik.
Ragacs be.
Olajfolt ki.
Inputvector: 0.0, 1.0
Ragacsfolt lehelyezve.
Új pozíció: 5.0, 6.0
Ez a(z) 1. kör.
A Sárga Robot következik.
Új pozíció: 2.0, 1.0
Takarítórobot indul útnak innen: 5.0, 4.05
Ez a(z) 2. kör.
A Piros Robot következik.
Új pozíció: 5.0, 7.0
Ez a(z) 2. kör.
A Sárga Robot következik.
Új pozíció: 2.0, 1.0
Takarítórobot indul útnak innen: 5.95, 5.0
Takarítórobotok listája:
	Takarítórobot: 5.0, 5.05
	Takarítórobot: 4.95, 6.0
