Véletlenszerû események kikapcsolva.
Kérdezés kikapcsolva.
Pálya betöltve.
Új játék elkezdve 2 játékossal.
Ez a(z) 1. kör.
A Piros Robot következik.
Olajfolt be.
Ragacs ki.
Inputvektor: 0.0, 1.0
Olajfolt lehelyezve.
Új pozíció: 2.0, 2.0
Foltok listája:
	Olaj: 2.0, 1.0
Ez a(z) 1. kör.
A Sárga Robot következik.
Új pozíció: 8.0, 9.0
Takarítórobot indul útnak innen: 3.0, 1.0
Ez a(z) 2. kör.
A Piros Robot következik.
Inputvektor: 0.0, -1.0
Új pozíció: 2.0, 2.0
Foltok listája:
	Olaj: 2.0, 1.0
Ez a(z) 2. kör.
A Sárga Robot következik.
Új pozíció: 8.0, 9.0
Ez a(z) 3. kör.
A Piros Robot következik.
Foltok listája:
